
> mypet-admin@1.0.0 build
> vite build

[36mvite v6.4.2 [32mbuilding for production...[36m[39m
transforming...
[32m✓[39m 1715 modules transformed.
rendering chunks...
computing gzip size...
[2mdist/[22m[32mindex.html                             [39m[1m[2m    0.43 kB[22m[1m[22m[2m │ gzip:   0.33 kB[22m
[2mdist/[22m[35massets/PasswordView-B6layl8a.css       [39m[1m[2m    0.14 kB[22m[1m[22m[2m │ gzip:   0.12 kB[22m
[2mdist/[22m[35massets/CategoryListView-OKc3Uwcu.css   [39m[1m[2m    0.15 kB[22m[1m[22m[2m │ gzip:   0.14 kB[22m
[2mdist/[22m[35massets/OrderDetailView-CA-gtPQ9.css    [39m[1m[2m    0.27 kB[22m[1m[22m[2m │ gzip:   0.19 kB[22m
[2mdist/[22m[35massets/UserListView-CkuteWkA.css       [39m[1m[2m    0.27 kB[22m[1m[22m[2m │ gzip:   0.18 kB[22m
[2mdist/[22m[35massets/ProductListView-D1tkbfEv.css    [39m[1m[2m    0.28 kB[22m[1m[22m[2m │ gzip:   0.18 kB[22m
[2mdist/[22m[35massets/ShopSettingsView-DlzUiD7N.css   [39m[1m[2m    0.35 kB[22m[1m[22m[2m │ gzip:   0.21 kB[22m
[2mdist/[22m[35massets/LoginView-TJpKVL4N.css          [39m[1m[2m    0.37 kB[22m[1m[22m[2m │ gzip:   0.25 kB[22m
[2mdist/[22m[35massets/TypeListView-CcMfNYht.css       [39m[1m[2m    0.46 kB[22m[1m[22m[2m │ gzip:   0.27 kB[22m
[2mdist/[22m[35massets/OrderListView-BVziJWI1.css      [39m[1m[2m    0.46 kB[22m[1m[22m[2m │ gzip:   0.25 kB[22m
[2mdist/[22m[35massets/PendingOrderView-BlulqQa2.css   [39m[1m[2m    0.48 kB[22m[1m[22m[2m │ gzip:   0.26 kB[22m
[2mdist/[22m[35massets/DashboardView-D35oQxBt.css      [39m[1m[2m    0.66 kB[22m[1m[22m[2m │ gzip:   0.31 kB[22m
[2mdist/[22m[35massets/ImageUploader-BEgnuFXB.css      [39m[1m[2m    0.82 kB[22m[1m[22m[2m │ gzip:   0.36 kB[22m
[2mdist/[22m[35massets/AdminLayout-Cki-CV1U.css        [39m[1m[2m    0.89 kB[22m[1m[22m[2m │ gzip:   0.36 kB[22m
[2mdist/[22m[35massets/ProductDetailView-DnAk6eFW.css  [39m[1m[2m   16.71 kB[22m[1m[22m[2m │ gzip:   3.37 kB[22m
[2mdist/[22m[35massets/index-SZz9Cmai.css              [39m[1m[2m  352.62 kB[22m[1m[22m[2m │ gzip:  47.35 kB[22m
[2mdist/[22m[36massets/LoginView-W6G9_Nt9.js           [39m[1m[2m    2.00 kB[22m[1m[22m[2m │ gzip:   1.00 kB[22m
[2mdist/[22m[36massets/DashboardView-BgbS5klk.js       [39m[1m[2m    2.35 kB[22m[1m[22m[2m │ gzip:   0.91 kB[22m
[2mdist/[22m[36massets/index-DcdMSTeB.js               [39m[1m[2m    2.36 kB[22m[1m[22m[2m │ gzip:   0.53 kB[22m
[2mdist/[22m[36massets/PasswordView-D_RM5joU.js        [39m[1m[2m    2.59 kB[22m[1m[22m[2m │ gzip:   1.14 kB[22m
[2mdist/[22m[36massets/ImageUploader-Bqt1UhaH.js       [39m[1m[2m    3.07 kB[22m[1m[22m[2m │ gzip:   1.21 kB[22m
[2mdist/[22m[36massets/UserListView-B1lmHZd3.js        [39m[1m[2m    3.27 kB[22m[1m[22m[2m │ gzip:   1.52 kB[22m
[2mdist/[22m[36massets/AdminLayout-D-ChDhWs.js         [39m[1m[2m    3.31 kB[22m[1m[22m[2m │ gzip:   1.35 kB[22m
[2mdist/[22m[36massets/OrderDetailView-DjF8zDuu.js     [39m[1m[2m    3.80 kB[22m[1m[22m[2m │ gzip:   1.71 kB[22m
[2mdist/[22m[36massets/PendingOrderView-CK242P-0.js    [39m[1m[2m    4.26 kB[22m[1m[22m[2m │ gzip:   1.85 kB[22m
[2mdist/[22m[36massets/ShopSettingsView-ssNkrfWK.js    [39m[1m[2m    6.22 kB[22m[1m[22m[2m │ gzip:   2.53 kB[22m
[2mdist/[22m[36massets/OrderListView-k8DEUUMO.js       [39m[1m[2m    6.78 kB[22m[1m[22m[2m │ gzip:   2.66 kB[22m
[2mdist/[22m[36massets/ProductListView-DRuI3eix.js     [39m[1m[2m    7.02 kB[22m[1m[22m[2m │ gzip:   2.68 kB[22m
[2mdist/[22m[36massets/TypeListView-BMMbHVJw.js        [39m[1m[2m    9.03 kB[22m[1m[22m[2m │ gzip:   2.96 kB[22m
[2mdist/[22m[36massets/CategoryListView-CMWNZRYq.js    [39m[1m[2m   42.01 kB[22m[1m[22m[2m │ gzip:  15.02 kB[22m
[2mdist/[22m[36massets/ProductDetailView-BzIF0LiS.js   [39m[1m[33m  828.67 kB[39m[22m[2m │ gzip: 288.58 kB[22m
[2mdist/[22m[36massets/index-0093m5T2.js               [39m[1m[33m1,221.29 kB[39m[22m[2m │ gzip: 395.85 kB[22m
[33m
(!) Some chunks are larger than 500 kB after minification. Consider:
- Using dynamic import() to code-split the application
- Use build.rollupOptions.output.manualChunks to improve chunking: https://rollupjs.org/configuration-options/#output-manualchunks
- Adjust chunk size limit for this warning via build.chunkSizeWarningLimit.[39m
[32m✓ built in 7.50s[39m
